

================================================================
== Vitis HLS Report for 'convolution'
================================================================
* Date:           Sun Jan 17 13:41:58 2021

* Version:        2020.2 (Build 3064766 on Wed Nov 18 09:12:45 MST 2020)
* Project:        cnn_hls_pynq
* Solution:       solution1 (Vivado IP Flow Target)
* Product family: zynq
* Target device:  xc7z020-clg400-1


================================================================
== Performance Estimates
================================================================
+ Timing: 
    * Summary: 
    +--------+----------+----------+------------+
    |  Clock |  Target  | Estimated| Uncertainty|
    +--------+----------+----------+------------+
    |ap_clk  |  10.00 ns|  8.280 ns|     2.50 ns|
    +--------+----------+----------+------------+

+ Latency: 
    * Summary: 
    +---------+---------+----------+----------+-------+-------+---------+
    |  Latency (cycles) |  Latency (absolute) |    Interval   | Pipeline|
    |   min   |   max   |    min   |    max   |  min  |  max  |   Type  |
    +---------+---------+----------+----------+-------+-------+---------+
    |    19841|    19841|  0.198 ms|  0.198 ms|  19841|  19841|     none|
    +---------+---------+----------+----------+-------+-------+---------+

    + Detail: 
        * Instance: 
        N/A

        * Loop: 
        +---------------------------------------------+---------+---------+----------+-----------+-----------+------+----------+
        |                                             |  Latency (cycles) | Iteration|  Initiation Interval  | Trip |          |
        |                  Loop Name                  |   min   |   max   |  Latency |  achieved |   target  | Count| Pipelined|
        +---------------------------------------------+---------+---------+----------+-----------+-----------+------+----------+
        |- conv_for_rows_pool_for_rows_pool_for_cols  |    19839|    19839|       265|         25|          1|   784|       yes|
        +---------------------------------------------+---------+---------+----------+-----------+-----------+------+----------+



================================================================
== Utilization Estimates
================================================================
* Summary: 
+-----------------+---------+-----+--------+-------+-----+
|       Name      | BRAM_18K| DSP |   FF   |  LUT  | URAM|
+-----------------+---------+-----+--------+-------+-----+
|DSP              |        -|    -|       -|      -|    -|
|Expression       |        -|    -|       0|   1292|    -|
|FIFO             |        -|    -|       -|      -|    -|
|Instance         |        -|   10|     696|   2422|    -|
|Memory           |        -|    -|       -|      -|    -|
|Multiplexer      |        -|    -|       -|   1161|    -|
|Register         |        -|    -|    6915|   1280|    -|
+-----------------+---------+-----+--------+-------+-----+
|Total            |        0|   10|    7611|   6155|    0|
+-----------------+---------+-----+--------+-------+-----+
|Available        |      280|  220|  106400|  53200|    0|
+-----------------+---------+-----+--------+-------+-----+
|Utilization (%)  |        0|    4|       7|     11|    0|
+-----------------+---------+-----+--------+-------+-----+

+ Detail: 
    * Instance: 
    +-----------------------------------+--------------------------------+---------+----+-----+-----+-----+
    |              Instance             |             Module             | BRAM_18K| DSP|  FF | LUT | URAM|
    +-----------------------------------+--------------------------------+---------+----+-----+-----+-----+
    |fadd_32ns_32ns_32_5_full_dsp_1_U1  |fadd_32ns_32ns_32_5_full_dsp_1  |        0|   2|  205|  390|    0|
    |fadd_32ns_32ns_32_5_full_dsp_1_U2  |fadd_32ns_32ns_32_5_full_dsp_1  |        0|   2|  205|  390|    0|
    |fcmp_32ns_32ns_1_2_no_dsp_1_U5     |fcmp_32ns_32ns_1_2_no_dsp_1     |        0|   0|    0|    0|    0|
    |fmul_32ns_32ns_32_4_max_dsp_1_U3   |fmul_32ns_32ns_32_4_max_dsp_1   |        0|   3|  143|  321|    0|
    |fmul_32ns_32ns_32_4_max_dsp_1_U4   |fmul_32ns_32ns_32_4_max_dsp_1   |        0|   3|  143|  321|    0|
    |mux_42_32_1_1_U6                   |mux_42_32_1_1                   |        0|   0|    0|   20|    0|
    |mux_42_32_1_1_U7                   |mux_42_32_1_1                   |        0|   0|    0|   20|    0|
    |mux_42_32_1_1_U8                   |mux_42_32_1_1                   |        0|   0|    0|   20|    0|
    |mux_42_32_1_1_U9                   |mux_42_32_1_1                   |        0|   0|    0|   20|    0|
    |mux_42_32_1_1_U10                  |mux_42_32_1_1                   |        0|   0|    0|   20|    0|
    |mux_42_32_1_1_U11                  |mux_42_32_1_1                   |        0|   0|    0|   20|    0|
    |mux_42_32_1_1_U12                  |mux_42_32_1_1                   |        0|   0|    0|   20|    0|
    |mux_42_32_1_1_U13                  |mux_42_32_1_1                   |        0|   0|    0|   20|    0|
    |mux_42_32_1_1_U14                  |mux_42_32_1_1                   |        0|   0|    0|   20|    0|
    |mux_42_32_1_1_U15                  |mux_42_32_1_1                   |        0|   0|    0|   20|    0|
    |mux_42_32_1_1_U16                  |mux_42_32_1_1                   |        0|   0|    0|   20|    0|
    |mux_42_32_1_1_U17                  |mux_42_32_1_1                   |        0|   0|    0|   20|    0|
    |mux_42_32_1_1_U18                  |mux_42_32_1_1                   |        0|   0|    0|   20|    0|
    |mux_42_32_1_1_U19                  |mux_42_32_1_1                   |        0|   0|    0|   20|    0|
    |mux_42_32_1_1_U20                  |mux_42_32_1_1                   |        0|   0|    0|   20|    0|
    |mux_42_32_1_1_U21                  |mux_42_32_1_1                   |        0|   0|    0|   20|    0|
    |mux_42_32_1_1_U22                  |mux_42_32_1_1                   |        0|   0|    0|   20|    0|
    |mux_42_32_1_1_U23                  |mux_42_32_1_1                   |        0|   0|    0|   20|    0|
    |mux_42_32_1_1_U24                  |mux_42_32_1_1                   |        0|   0|    0|   20|    0|
    |mux_42_32_1_1_U25                  |mux_42_32_1_1                   |        0|   0|    0|   20|    0|
    |mux_42_32_1_1_U26                  |mux_42_32_1_1                   |        0|   0|    0|   20|    0|
    |mux_42_32_1_1_U27                  |mux_42_32_1_1                   |        0|   0|    0|   20|    0|
    |mux_42_32_1_1_U28                  |mux_42_32_1_1                   |        0|   0|    0|   20|    0|
    |mux_42_32_1_1_U29                  |mux_42_32_1_1                   |        0|   0|    0|   20|    0|
    |mux_42_32_1_1_U30                  |mux_42_32_1_1                   |        0|   0|    0|   20|    0|
    |mux_42_32_1_1_U31                  |mux_42_32_1_1                   |        0|   0|    0|   20|    0|
    |mux_42_32_1_1_U32                  |mux_42_32_1_1                   |        0|   0|    0|   20|    0|
    |mux_42_32_1_1_U33                  |mux_42_32_1_1                   |        0|   0|    0|   20|    0|
    |mux_42_32_1_1_U34                  |mux_42_32_1_1                   |        0|   0|    0|   20|    0|
    |mux_42_32_1_1_U35                  |mux_42_32_1_1                   |        0|   0|    0|   20|    0|
    |mux_42_32_1_1_U36                  |mux_42_32_1_1                   |        0|   0|    0|   20|    0|
    |mux_42_32_1_1_U37                  |mux_42_32_1_1                   |        0|   0|    0|   20|    0|
    |mux_42_32_1_1_U38                  |mux_42_32_1_1                   |        0|   0|    0|   20|    0|
    |mux_42_32_1_1_U39                  |mux_42_32_1_1                   |        0|   0|    0|   20|    0|
    |mux_42_32_1_1_U40                  |mux_42_32_1_1                   |        0|   0|    0|   20|    0|
    |mux_42_32_1_1_U41                  |mux_42_32_1_1                   |        0|   0|    0|   20|    0|
    |mux_42_32_1_1_U42                  |mux_42_32_1_1                   |        0|   0|    0|   20|    0|
    |mux_42_32_1_1_U43                  |mux_42_32_1_1                   |        0|   0|    0|   20|    0|
    |mux_42_32_1_1_U44                  |mux_42_32_1_1                   |        0|   0|    0|   20|    0|
    |mux_42_32_1_1_U45                  |mux_42_32_1_1                   |        0|   0|    0|   20|    0|
    |mux_42_32_1_1_U46                  |mux_42_32_1_1                   |        0|   0|    0|   20|    0|
    |mux_42_32_1_1_U47                  |mux_42_32_1_1                   |        0|   0|    0|   20|    0|
    |mux_42_32_1_1_U48                  |mux_42_32_1_1                   |        0|   0|    0|   20|    0|
    |mux_42_32_1_1_U49                  |mux_42_32_1_1                   |        0|   0|    0|   20|    0|
    |mux_42_32_1_1_U50                  |mux_42_32_1_1                   |        0|   0|    0|   20|    0|
    |mux_42_32_1_1_U51                  |mux_42_32_1_1                   |        0|   0|    0|   20|    0|
    |mux_42_32_1_1_U52                  |mux_42_32_1_1                   |        0|   0|    0|   20|    0|
    |mux_42_32_1_1_U53                  |mux_42_32_1_1                   |        0|   0|    0|   20|    0|
    |mux_42_32_1_1_U54                  |mux_42_32_1_1                   |        0|   0|    0|   20|    0|
    |mux_42_32_1_1_U55                  |mux_42_32_1_1                   |        0|   0|    0|   20|    0|
    +-----------------------------------+--------------------------------+---------+----+-----+-----+-----+
    |Total                              |                                |        0|  10|  696| 2422|    0|
    +-----------------------------------+--------------------------------+---------+----+-----+-----+-----+

    * DSP: 
    N/A

    * Memory: 
    N/A

    * FIFO: 
    N/A

    * Expression: 
    +--------------------------------------+----------+----+---+----+------------+------------+
    |             Variable Name            | Operation| DSP| FF| LUT| Bitwidth P0| Bitwidth P1|
    +--------------------------------------+----------+----+---+----+------------+------------+
    |add_ln25_1_fu_1147_p2                 |         +|   0|  0|  13|          10|           1|
    |add_ln25_fu_1205_p2                   |         +|   0|  0|  13|           5|           2|
    |add_ln28_1_fu_1189_p2                 |         +|   0|  0|  14|           7|           1|
    |add_ln28_fu_1243_p2                   |         +|   0|  0|  13|           5|           2|
    |add_ln33_1_fu_2210_p2                 |         +|   0|  0|  14|           6|           3|
    |add_ln33_2_fu_2374_p2                 |         +|   0|  0|  14|           6|           3|
    |add_ln33_3_fu_2536_p2                 |         +|   0|  0|  14|           6|           3|
    |add_ln33_4_fu_1183_p2                 |         +|   0|  0|  13|           4|           1|
    |add_ln33_fu_1291_p2                   |         +|   0|  0|  10|           2|           1|
    |add_ln36_fu_2654_p2                   |         +|   0|  0|  10|           2|           1|
    |add_ln49_10_fu_1353_p2                |         +|   0|  0|  13|           5|           2|
    |add_ln49_11_fu_1358_p2                |         +|   0|  0|  13|           5|           2|
    |add_ln49_12_fu_1371_p2                |         +|   0|  0|  13|           5|           3|
    |add_ln49_13_fu_1384_p2                |         +|   0|  0|  13|           5|           3|
    |add_ln49_14_fu_1397_p2                |         +|   0|  0|  13|           5|           1|
    |add_ln49_15_fu_1409_p2                |         +|   0|  0|  13|           5|           2|
    |add_ln49_16_fu_1421_p2                |         +|   0|  0|  13|           5|           2|
    |add_ln49_17_fu_1319_p2                |         +|   0|  0|  13|           5|           5|
    |add_ln49_18_fu_1455_p2                |         +|   0|  0|  12|          11|          11|
    |add_ln49_19_fu_1461_p2                |         +|   0|  0|  13|           5|           1|
    |add_ln49_1_fu_1199_p2                 |         +|   0|  0|  13|           5|           5|
    |add_ln49_20_fu_1697_p2                |         +|   0|  0|  12|          11|          11|
    |add_ln49_21_fu_1473_p2                |         +|   0|  0|  13|           5|           2|
    |add_ln49_22_fu_1906_p2                |         +|   0|  0|  12|          11|          11|
    |add_ln49_23_fu_1485_p2                |         +|   0|  0|  13|           5|           2|
    |add_ln49_24_fu_2068_p2                |         +|   0|  0|  12|          11|          11|
    |add_ln49_25_fu_2278_p2                |         +|   0|  0|  12|          11|          11|
    |add_ln49_26_fu_2441_p2                |         +|   0|  0|  12|          11|          11|
    |add_ln49_27_fu_2561_p2                |         +|   0|  0|  12|          11|          11|
    |add_ln49_28_fu_1500_p2                |         +|   0|  0|  12|          11|          11|
    |add_ln49_29_fu_1703_p2                |         +|   0|  0|  12|          11|          11|
    |add_ln49_2_fu_1511_p2                 |         +|   0|  0|  13|           5|           1|
    |add_ln49_30_fu_1912_p2                |         +|   0|  0|  12|          11|          11|
    |add_ln49_31_fu_2074_p2                |         +|   0|  0|  12|          11|          11|
    |add_ln49_32_fu_2284_p2                |         +|   0|  0|  12|          11|          11|
    |add_ln49_33_fu_2447_p2                |         +|   0|  0|  12|          11|          11|
    |add_ln49_34_fu_2567_p2                |         +|   0|  0|  12|          11|          11|
    |add_ln49_35_fu_1520_p2                |         +|   0|  0|  12|          11|          11|
    |add_ln49_36_fu_1752_p2                |         +|   0|  0|  12|          11|          11|
    |add_ln49_37_fu_1922_p2                |         +|   0|  0|  12|          11|          11|
    |add_ln49_38_fu_2119_p2                |         +|   0|  0|  12|          11|          11|
    |add_ln49_39_fu_2294_p2                |         +|   0|  0|  12|          11|          11|
    |add_ln49_3_fu_1557_p2                 |         +|   0|  0|  13|           5|           2|
    |add_ln49_40_fu_2492_p2                |         +|   0|  0|  12|          11|          11|
    |add_ln49_41_fu_2572_p2                |         +|   0|  0|  12|          11|          11|
    |add_ln49_42_fu_1566_p2                |         +|   0|  0|  12|          11|          11|
    |add_ln49_43_fu_1761_p2                |         +|   0|  0|  12|          11|          11|
    |add_ln49_44_fu_1958_p2                |         +|   0|  0|  12|          11|          11|
    |add_ln49_45_fu_2128_p2                |         +|   0|  0|  12|          11|          11|
    |add_ln49_46_fu_2330_p2                |         +|   0|  0|  12|          11|          11|
    |add_ln49_47_fu_2501_p2                |         +|   0|  0|  12|          11|          11|
    |add_ln49_48_fu_2577_p2                |         +|   0|  0|  12|          11|          11|
    |add_ln49_49_fu_1585_p2                |         +|   0|  0|  12|          11|          11|
    |add_ln49_4_fu_1576_p2                 |         +|   0|  0|  13|           5|           2|
    |add_ln49_50_fu_1796_p2                |         +|   0|  0|  12|          11|          11|
    |add_ln49_51_fu_1967_p2                |         +|   0|  0|  12|          11|          11|
    |add_ln49_52_fu_2163_p2                |         +|   0|  0|  12|          11|          11|
    |add_ln49_53_fu_2339_p2                |         +|   0|  0|  12|          11|          11|
    |add_ln49_54_fu_2582_p2                |         +|   0|  0|  12|          11|          11|
    |add_ln49_55_fu_2591_p2                |         +|   0|  0|  12|          11|          11|
    |add_ln49_56_fu_1639_p2                |         +|   0|  0|  12|          11|          11|
    |add_ln49_57_fu_1805_p2                |         +|   0|  0|  12|          11|          11|
    |add_ln49_58_fu_2002_p2                |         +|   0|  0|  12|          11|          11|
    |add_ln49_59_fu_2172_p2                |         +|   0|  0|  12|          11|          11|
    |add_ln49_5_fu_1629_p2                 |         +|   0|  0|  14|           6|           3|
    |add_ln49_60_fu_2379_p2                |         +|   0|  0|  12|          11|          11|
    |add_ln49_61_fu_2596_p2                |         +|   0|  0|  12|          11|          11|
    |add_ln49_62_fu_2605_p2                |         +|   0|  0|  12|          11|          11|
    |add_ln49_63_fu_1659_p2                |         +|   0|  0|  12|          11|          11|
    |add_ln49_64_fu_1840_p2                |         +|   0|  0|  12|          11|          11|
    |add_ln49_65_fu_2011_p2                |         +|   0|  0|  12|          11|          11|
    |add_ln49_66_fu_2216_p2                |         +|   0|  0|  12|          11|          11|
    |add_ln49_67_fu_2388_p2                |         +|   0|  0|  12|          11|          11|
    |add_ln49_68_fu_2610_p2                |         +|   0|  0|  12|          11|          11|
    |add_ln49_69_fu_2614_p2                |         +|   0|  0|  12|          11|          11|
    |add_ln49_6_fu_1649_p2                 |         +|   0|  0|  14|           6|           3|
    |add_ln49_70_fu_1742_p2                |         +|   0|  0|  12|          11|          11|
    |add_ln49_71_fu_1849_p2                |         +|   0|  0|  12|          11|          11|
    |add_ln49_72_fu_2084_p2                |         +|   0|  0|  12|          11|          11|
    |add_ln49_73_fu_2225_p2                |         +|   0|  0|  12|          11|          11|
    |add_ln49_74_fu_2457_p2                |         +|   0|  0|  12|          11|          11|
    |add_ln49_75_fu_2619_p2                |         +|   0|  0|  12|          11|          11|
    |add_ln49_76_fu_2623_p2                |         +|   0|  0|  12|          11|          11|
    |add_ln49_7_fu_1669_p2                 |         +|   0|  0|  14|           6|           3|
    |add_ln49_8_fu_1343_p2                 |         +|   0|  0|  13|           5|           1|
    |add_ln49_9_fu_1348_p2                 |         +|   0|  0|  13|           5|           2|
    |add_ln49_fu_1337_p2                   |         +|   0|  0|  13|           5|           5|
    |and_ln25_1_fu_1177_p2                 |       and|   0|  0|   2|           1|           1|
    |and_ln25_fu_1231_p2                   |       and|   0|  0|   2|           1|           1|
    |and_ln28_fu_1278_p2                   |       and|   0|  0|   2|           1|           1|
    |and_ln7_fu_2886_p2                    |       and|   0|  0|   2|           1|           1|
    |ap_block_pp0_stage14_01001            |       and|   0|  0|   2|           1|           1|
    |ap_block_state266_pp0_stage14_iter10  |       and|   0|  0|   2|           1|           1|
    |icmp_ln25_fu_1153_p2                  |      icmp|   0|  0|  11|          10|           9|
    |icmp_ln28_fu_1159_p2                  |      icmp|   0|  0|  10|           7|           6|
    |icmp_ln33_fu_1171_p2                  |      icmp|   0|  0|   9|           4|           3|
    |icmp_ln36_fu_1225_p2                  |      icmp|   0|  0|   8|           2|           3|
    |icmp_ln7_1_fu_2874_p2                 |      icmp|   0|  0|  15|          23|           1|
    |icmp_ln7_fu_2868_p2                   |      icmp|   0|  0|  11|           8|           2|
    |or_ln28_7_fu_1273_p2                  |        or|   0|  0|   2|           1|           1|
    |or_ln28_fu_1249_p2                    |        or|   0|  0|   2|           1|           1|
    |or_ln33_1_fu_1302_p2                  |        or|   0|  0|   2|           1|           1|
    |or_ln33_fu_1297_p2                    |        or|   0|  0|   2|           1|           1|
    |or_ln7_fu_2880_p2                     |        or|   0|  0|   2|           1|           1|
    |select_ln25_1_fu_1218_p3              |    select|   0|  0|   5|           1|           5|
    |select_ln25_2_fu_1364_p3              |    select|   0|  0|   5|           1|           5|
    |select_ln25_3_fu_1377_p3              |    select|   0|  0|   5|           1|           5|
    |select_ln25_4_fu_1390_p3              |    select|   0|  0|   5|           1|           5|
    |select_ln25_5_fu_1236_p3              |    select|   0|  0|   5|           1|           5|
    |select_ln25_fu_1211_p3                |    select|   0|  0|   5|           1|           1|
    |select_ln28_4_fu_1261_p3              |    select|   0|  0|   5|           1|           5|
    |select_ln28_5_fu_1402_p3              |    select|   0|  0|   5|           1|           5|
    |select_ln28_6_fu_1414_p3              |    select|   0|  0|   5|           1|           5|
    |select_ln28_7_fu_1426_p3              |    select|   0|  0|   5|           1|           5|
    |select_ln28_8_fu_1284_p3              |    select|   0|  0|   5|           1|           5|
    |select_ln28_9_fu_2767_p3              |    select|   0|  0|   7|           1|           1|
    |select_ln28_fu_1253_p3                |    select|   0|  0|   2|           1|           1|
    |select_ln33_1_fu_1325_p3              |    select|   0|  0|   5|           1|           5|
    |select_ln33_2_fu_1466_p3              |    select|   0|  0|   5|           1|           5|
    |select_ln33_3_fu_1478_p3              |    select|   0|  0|   5|           1|           5|
    |select_ln33_4_fu_1490_p3              |    select|   0|  0|   5|           1|           5|
    |select_ln33_5_fu_1595_p3              |    select|   0|  0|   2|           1|           2|
    |select_ln33_6_fu_2659_p3              |    select|   0|  0|   4|           1|           1|
    |select_ln33_fu_1307_p3                |    select|   0|  0|   2|           1|           1|
    |select_ln8_fu_2892_p3                 |    select|   0|  0|  32|           1|          32|
    |ap_enable_pp0                         |       xor|   0|  0|   2|           1|           2|
    |xor_ln25_fu_1165_p2                   |       xor|   0|  0|   2|           1|           2|
    |xor_ln28_fu_1268_p2                   |       xor|   0|  0|   2|           1|           2|
    +--------------------------------------+----------+----+---+----+------------+------------+
    |Total                                 |          |   0|  0|1292|         866|         836|
    +--------------------------------------+----------+----+---+----+------------+------------+

    * Multiplexer: 
    +-------------------------------------------+-----+-----------+-----+-----------+
    |                    Name                   | LUT | Input Size| Bits| Total Bits|
    +-------------------------------------------+-----+-----------+-----+-----------+
    |ap_NS_fsm                                  |  125|         28|    1|         28|
    |ap_enable_reg_pp0_iter10                   |    9|          2|    1|          2|
    |ap_phi_mux_c_phi_fu_975_p4                 |    9|          2|    5|         10|
    |ap_phi_mux_indvar_flatten43_phi_fu_941_p4  |    9|          2|    7|         14|
    |ap_phi_mux_indvar_flatten95_phi_fu_930_p4  |    9|          2|   10|         20|
    |ap_phi_mux_indvar_flatten_phi_fu_952_p4    |    9|          2|    4|          8|
    |ap_phi_mux_pc_phi_fu_997_p4                |    9|          2|    2|          4|
    |ap_phi_mux_pr_phi_fu_986_p4                |    9|          2|    2|          4|
    |ap_phi_mux_r_phi_fu_963_p4                 |    9|          2|    5|         10|
    |c_reg_971                                  |    9|          2|    5|         10|
    |conv_to_pool_stream_V_blk_n                |    9|          2|    1|          2|
    |grp_fu_1004_p0                             |   59|         11|   32|        352|
    |grp_fu_1004_p1                             |  117|         26|   32|        832|
    |grp_fu_1009_p0                             |   65|         12|   32|        384|
    |grp_fu_1009_p1                             |  117|         26|   32|        832|
    |grp_fu_1013_p0                             |  117|         26|   32|        832|
    |grp_fu_1013_p1                             |   31|          6|   32|        192|
    |grp_fu_1017_p0                             |  113|         25|   32|        800|
    |grp_fu_1017_p1                             |   25|          5|   32|        160|
    |indvar_flatten43_reg_937                   |    9|          2|    7|         14|
    |indvar_flatten95_reg_926                   |    9|          2|   10|         20|
    |indvar_flatten_reg_948                     |    9|          2|    4|          8|
    |pad_img_address0                           |  117|         26|   11|        286|
    |pad_img_address1                           |  113|         25|   11|        275|
    |pc_reg_993                                 |    9|          2|    2|          4|
    |pr_reg_982                                 |    9|          2|    2|          4|
    |r_reg_959                                  |    9|          2|    5|         10|
    |reg_1056                                   |    9|          2|   32|         64|
    |reg_1062                                   |    9|          2|   32|         64|
    +-------------------------------------------+-----+-----------+-----+-----------+
    |Total                                      | 1161|        252|  415|       5245|
    +-------------------------------------------+-----+-----------+-----+-----------+

    * Register: 
    +--------------------------------+----+----+-----+-----------+
    |              Name              | FF | LUT| Bits| Const Bits|
    +--------------------------------+----+----+-----+-----------+
    |add_ln25_1_reg_2958             |  10|   0|   10|          0|
    |add_ln28_1_reg_3007             |   7|   0|    7|          0|
    |add_ln33_1_reg_3555             |   6|   0|    6|          0|
    |add_ln33_2_reg_3660             |   6|   0|    6|          0|
    |add_ln33_4_reg_3002             |   4|   0|    4|          0|
    |add_ln33_reg_3050               |   2|   0|    2|          0|
    |add_ln36_reg_3841               |   2|   0|    2|          0|
    |add_ln49_17_reg_3060            |   5|   0|    5|          0|
    |add_ln49_18_reg_3083            |  10|   0|   11|          1|
    |add_ln49_1_reg_3012             |   5|   0|    5|          0|
    |add_ln49_20_reg_3230            |  10|   0|   11|          1|
    |add_ln49_22_reg_3350            |  10|   0|   11|          1|
    |add_ln49_24_reg_3449            |  10|   0|   11|          1|
    |add_ln49_25_reg_3591            |  10|   0|   11|          1|
    |add_ln49_26_reg_3696            |  10|   0|   11|          1|
    |add_ln49_34_reg_3766            |  11|   0|   11|          0|
    |add_ln49_41_reg_3771            |  11|   0|   11|          0|
    |add_ln49_48_reg_3776            |  11|   0|   11|          0|
    |add_ln49_55_reg_3786            |  11|   0|   11|          0|
    |add_ln49_62_reg_3796            |  11|   0|   11|          0|
    |add_ln49_68_reg_3801            |  11|   0|   11|          0|
    |add_ln49_69_reg_3806            |  11|   0|   11|          0|
    |add_ln49_75_reg_3811            |  11|   0|   11|          0|
    |add_ln49_76_reg_3816            |  11|   0|   11|          0|
    |add_ln49_7_reg_3225             |   6|   0|    6|          0|
    |add_ln49_reg_3074               |   5|   0|    5|          0|
    |and_ln25_1_reg_2991             |   1|   0|    1|          0|
    |and_ln28_reg_3037               |   1|   0|    1|          0|
    |ap_CS_fsm                       |  27|   0|   27|          0|
    |ap_enable_reg_pp0_iter0         |   1|   0|    1|          0|
    |ap_enable_reg_pp0_iter1         |   1|   0|    1|          0|
    |ap_enable_reg_pp0_iter10        |   1|   0|    1|          0|
    |ap_enable_reg_pp0_iter2         |   1|   0|    1|          0|
    |ap_enable_reg_pp0_iter3         |   1|   0|    1|          0|
    |ap_enable_reg_pp0_iter4         |   1|   0|    1|          0|
    |ap_enable_reg_pp0_iter5         |   1|   0|    1|          0|
    |ap_enable_reg_pp0_iter6         |   1|   0|    1|          0|
    |ap_enable_reg_pp0_iter7         |   1|   0|    1|          0|
    |ap_enable_reg_pp0_iter8         |   1|   0|    1|          0|
    |ap_enable_reg_pp0_iter9         |   1|   0|    1|          0|
    |c_reg_971                       |   5|   0|    5|          0|
    |icmp_ln25_reg_2963              |   1|   0|    1|          0|
    |icmp_ln28_reg_2967              |   1|   0|    1|          0|
    |icmp_ln33_reg_2986              |   1|   0|    1|          0|
    |indvar_flatten43_reg_937        |   7|   0|    7|          0|
    |indvar_flatten95_reg_926        |  10|   0|   10|          0|
    |indvar_flatten_reg_948          |   4|   0|    4|          0|
    |mul_0_1_reg_3295                |  32|   0|   32|          0|
    |mul_0_2_reg_3320                |  32|   0|   32|          0|
    |mul_0_3_reg_3325                |  32|   0|   32|          0|
    |mul_0_4_reg_3369                |  32|   0|   32|          0|
    |mul_0_5_reg_3374                |  32|   0|   32|          0|
    |mul_0_6_reg_3399                |  32|   0|   32|          0|
    |mul_0_6_reg_3399_pp0_iter1_reg  |  32|   0|   32|          0|
    |mul_1_1_reg_3429                |  32|   0|   32|          0|
    |mul_1_1_reg_3429_pp0_iter1_reg  |  32|   0|   32|          0|
    |mul_1_2_reg_3434                |  32|   0|   32|          0|
    |mul_1_2_reg_3434_pp0_iter1_reg  |  32|   0|   32|          0|
    |mul_1_3_reg_3469                |  32|   0|   32|          0|
    |mul_1_4_reg_3474                |  32|   0|   32|          0|
    |mul_1_5_reg_3499                |  32|   0|   32|          0|
    |mul_1_6_reg_3504                |  32|   0|   32|          0|
    |mul_1_reg_3404                  |  32|   0|   32|          0|
    |mul_1_reg_3404_pp0_iter1_reg    |  32|   0|   32|          0|
    |mul_2_1_reg_3534                |  32|   0|   32|          0|
    |mul_2_2_reg_3571                |  32|   0|   32|          0|
    |mul_2_3_reg_3576                |  32|   0|   32|          0|
    |mul_2_4_reg_3610                |  32|   0|   32|          0|
    |mul_2_5_reg_3615                |  32|   0|   32|          0|
    |mul_2_6_reg_3640                |  32|   0|   32|          0|
    |mul_2_reg_3529                  |  32|   0|   32|          0|
    |mul_3_1_reg_3676                |  32|   0|   32|          0|
    |mul_3_2_reg_3681                |  32|   0|   32|          0|
    |mul_3_3_reg_3716                |  32|   0|   32|          0|
    |mul_3_4_reg_3721                |  32|   0|   32|          0|
    |mul_3_5_reg_3746                |  32|   0|   32|          0|
    |mul_3_6_reg_3751                |  32|   0|   32|          0|
    |mul_3_reg_3645                  |  32|   0|   32|          0|
    |mul_4_1_reg_3826                |  32|   0|   32|          0|
    |mul_4_2_reg_3861                |  32|   0|   32|          0|
    |mul_4_3_reg_3866                |  32|   0|   32|          0|
    |mul_4_4_reg_3891                |  32|   0|   32|          0|
    |mul_4_5_reg_3896                |  32|   0|   32|          0|
    |mul_4_6_reg_3921                |  32|   0|   32|          0|
    |mul_4_reg_3821                  |  32|   0|   32|          0|
    |mul_5_1_reg_3956                |  32|   0|   32|          0|
    |mul_5_2_reg_3961                |  32|   0|   32|          0|
    |mul_5_3_reg_3981                |  32|   0|   32|          0|
    |mul_5_4_reg_3986                |  32|   0|   32|          0|
    |mul_5_5_reg_4001                |  32|   0|   32|          0|
    |mul_5_6_reg_4006                |  32|   0|   32|          0|
    |mul_5_reg_3926                  |  32|   0|   32|          0|
    |mul_6_1_reg_4026                |  32|   0|   32|          0|
    |mul_6_2_reg_4031                |  32|   0|   32|          0|
    |mul_6_3_reg_4036                |  32|   0|   32|          0|
    |mul_6_4_reg_4041                |  32|   0|   32|          0|
    |mul_6_5_reg_4046                |  32|   0|   32|          0|
    |mul_6_6_reg_4051                |  32|   0|   32|          0|
    |mul_6_reg_4021                  |  32|   0|   32|          0|
    |mul_reg_3290                    |  32|   0|   32|          0|
    |or_ln28_reg_3027                |   1|   0|    1|          0|
    |pad_img_load_48_reg_4016        |  32|   0|   32|          0|
    |pc_reg_993                      |   2|   0|    2|          0|
    |pr_reg_982                      |   2|   0|    2|          0|
    |r_reg_959                       |   5|   0|    5|          0|
    |reg_1026                        |  32|   0|   32|          0|
    |reg_1031                        |  32|   0|   32|          0|
    |reg_1036                        |  32|   0|   32|          0|
    |reg_1041                        |  32|   0|   32|          0|
    |reg_1046                        |  32|   0|   32|          0|
    |reg_1051                        |  32|   0|   32|          0|
    |reg_1056                        |  32|   0|   32|          0|
    |reg_1062                        |  32|   0|   32|          0|
    |reg_1068                        |  32|   0|   32|          0|
    |reg_1074                        |  32|   0|   32|          0|
    |reg_1079                        |  32|   0|   32|          0|
    |reg_1085                        |  32|   0|   32|          0|
    |reg_1091                        |  32|   0|   32|          0|
    |reg_1097                        |  32|   0|   32|          0|
    |reg_1103                        |  32|   0|   32|          0|
    |reg_1109                        |  32|   0|   32|          0|
    |reg_1115                        |  32|   0|   32|          0|
    |reg_1121                        |  32|   0|   32|          0|
    |reg_1127                        |  32|   0|   32|          0|
    |select_ln25_5_reg_3019          |   5|   0|    5|          0|
    |select_ln28_8_reg_3045          |   5|   0|    5|          0|
    |select_ln28_9_reg_3941          |   7|   0|    7|          0|
    |select_ln28_reg_3032            |   2|   0|    2|          0|
    |select_ln33_1_reg_3067          |   5|   0|    5|          0|
    |select_ln33_2_reg_3092          |   5|   0|    5|          0|
    |select_ln33_3_reg_3098          |   5|   0|    5|          0|
    |select_ln33_4_reg_3104          |   5|   0|    5|          0|
    |select_ln33_5_reg_3180          |   2|   0|    2|          0|
    |select_ln33_6_reg_3846          |   4|   0|    4|          0|
    |select_ln33_reg_3055            |   2|   0|    2|          0|
    |select_ln8_reg_4056             |  32|   0|   32|          0|
    |tmp_11_reg_3245                 |  32|   0|   32|          0|
    |tmp_12_reg_3250                 |  32|   0|   32|          0|
    |tmp_13_reg_3280                 |  32|   0|   32|          0|
    |tmp_14_reg_3285                 |  32|   0|   32|          0|
    |tmp_15_reg_3310                 |  32|   0|   32|          0|
    |tmp_16_reg_3315                 |  32|   0|   32|          0|
    |tmp_17_reg_3340                 |  32|   0|   32|          0|
    |tmp_18_reg_3345                 |  32|   0|   32|          0|
    |tmp_19_reg_3379                 |  32|   0|   32|          0|
    |tmp_1_reg_3145                  |  32|   0|   32|          0|
    |tmp_20_reg_3384                 |  32|   0|   32|          0|
    |tmp_21_reg_3409                 |  32|   0|   32|          0|
    |tmp_22_reg_3414                 |  32|   0|   32|          0|
    |tmp_23_reg_3439                 |  32|   0|   32|          0|
    |tmp_24_reg_3444                 |  32|   0|   32|          0|
    |tmp_25_reg_3479                 |  32|   0|   32|          0|
    |tmp_26_reg_3484                 |  32|   0|   32|          0|
    |tmp_27_reg_3509                 |  32|   0|   32|          0|
    |tmp_28_reg_3514                 |  32|   0|   32|          0|
    |tmp_29_reg_3539                 |  32|   0|   32|          0|
    |tmp_2_reg_3185                  |  32|   0|   32|          0|
    |tmp_30_reg_3544                 |  32|   0|   32|          0|
    |tmp_31_reg_3581                 |  32|   0|   32|          0|
    |tmp_32_reg_3586                 |  32|   0|   32|          0|
    |tmp_33_reg_3620                 |  32|   0|   32|          0|
    |tmp_34_reg_3625                 |  32|   0|   32|          0|
    |tmp_35_reg_3650                 |  32|   0|   32|          0|
    |tmp_36_reg_3655                 |  32|   0|   32|          0|
    |tmp_37_reg_3686                 |  32|   0|   32|          0|
    |tmp_38_reg_3691                 |  32|   0|   32|          0|
    |tmp_39_reg_3726                 |  32|   0|   32|          0|
    |tmp_3_reg_3190                  |  32|   0|   32|          0|
    |tmp_40_reg_3731                 |  32|   0|   32|          0|
    |tmp_41_reg_3756                 |  32|   0|   32|          0|
    |tmp_42_reg_3761                 |  32|   0|   32|          0|
    |tmp_43_reg_3831                 |  32|   0|   32|          0|
    |tmp_44_reg_3836                 |  32|   0|   32|          0|
    |tmp_45_reg_3871                 |  32|   0|   32|          0|
    |tmp_46_reg_3876                 |  32|   0|   32|          0|
    |tmp_47_reg_3901                 |  32|   0|   32|          0|
    |tmp_48_reg_3906                 |  32|   0|   32|          0|
    |tmp_49_reg_3931                 |  32|   0|   32|          0|
    |tmp_50_reg_3936                 |  32|   0|   32|          0|
    |tmp_51_reg_3966                 |  32|   0|   32|          0|
    |tmp_52_reg_3971                 |  32|   0|   32|          0|
    |tmp_53_reg_3991                 |  32|   0|   32|          0|
    |tmp_54_reg_3996                 |  32|   0|   32|          0|
    |tmp_55_reg_4011                 |  32|   0|   32|          0|
    |tmp_reg_2953                    |  32|   0|   32|          0|
    |tmp_s_reg_3140                  |  32|   0|   32|          0|
    |xor_ln25_reg_2981               |   1|   0|    1|          0|
    |zext_ln33_2_reg_3549            |   5|   0|    6|          1|
    |zext_ln49_12_reg_3110           |   5|   0|   11|          6|
    |zext_ln49_20_reg_3125           |   5|   0|   11|          6|
    |zext_ln49_28_reg_3150           |   5|   0|   11|          6|
    |zext_ln49_36_reg_3165           |   5|   0|   11|          6|
    |zext_ln49_44_reg_3195           |   6|   0|   11|          5|
    |zext_ln49_52_reg_3210           |   6|   0|   11|          5|
    |zext_ln49_60_reg_3255           |   6|   0|   11|          5|
    |icmp_ln25_reg_2963              |  64|  32|    1|          0|
    |mul_1_3_reg_3469                |  64|  32|   32|          0|
    |mul_1_4_reg_3474                |  64|  32|   32|          0|
    |mul_1_5_reg_3499                |  64|  32|   32|          0|
    |mul_1_6_reg_3504                |  64|  32|   32|          0|
    |mul_2_1_reg_3534                |  64|  32|   32|          0|
    |mul_2_2_reg_3571                |  64|  32|   32|          0|
    |mul_2_3_reg_3576                |  64|  32|   32|          0|
    |mul_2_4_reg_3610                |  64|  32|   32|          0|
    |mul_2_5_reg_3615                |  64|  32|   32|          0|
    |mul_2_6_reg_3640                |  64|  32|   32|          0|
    |mul_2_reg_3529                  |  64|  32|   32|          0|
    |mul_3_1_reg_3676                |  64|  32|   32|          0|
    |mul_3_2_reg_3681                |  64|  32|   32|          0|
    |mul_3_3_reg_3716                |  64|  32|   32|          0|
    |mul_3_4_reg_3721                |  64|  32|   32|          0|
    |mul_3_5_reg_3746                |  64|  32|   32|          0|
    |mul_3_6_reg_3751                |  64|  32|   32|          0|
    |mul_3_reg_3645                  |  64|  32|   32|          0|
    |mul_4_1_reg_3826                |  64|  32|   32|          0|
    |mul_4_2_reg_3861                |  64|  32|   32|          0|
    |mul_4_3_reg_3866                |  64|  32|   32|          0|
    |mul_4_4_reg_3891                |  64|  32|   32|          0|
    |mul_4_5_reg_3896                |  64|  32|   32|          0|
    |mul_4_6_reg_3921                |  64|  32|   32|          0|
    |mul_4_reg_3821                  |  64|  32|   32|          0|
    |mul_5_1_reg_3956                |  64|  32|   32|          0|
    |mul_5_2_reg_3961                |  64|  32|   32|          0|
    |mul_5_3_reg_3981                |  64|  32|   32|          0|
    |mul_5_4_reg_3986                |  64|  32|   32|          0|
    |mul_5_5_reg_4001                |  64|  32|   32|          0|
    |mul_5_6_reg_4006                |  64|  32|   32|          0|
    |mul_5_reg_3926                  |  64|  32|   32|          0|
    |mul_6_1_reg_4026                |  64|  32|   32|          0|
    |mul_6_2_reg_4031                |  64|  32|   32|          0|
    |mul_6_3_reg_4036                |  64|  32|   32|          0|
    |mul_6_4_reg_4041                |  64|  32|   32|          0|
    |mul_6_5_reg_4046                |  64|  32|   32|          0|
    |mul_6_6_reg_4051                |  64|  32|   32|          0|
    |mul_6_reg_4021                  |  64|  32|   32|          0|
    +--------------------------------+----+----+-----+-----------+
    |Total                           |6915|1280| 5650|         46|
    +--------------------------------+----+----+-----+-----------+



================================================================
== Interface
================================================================
* Summary: 
+------------------------------+-----+-----+------------+-----------------------+--------------+
|           RTL Ports          | Dir | Bits|  Protocol  |     Source Object     |    C Type    |
+------------------------------+-----+-----+------------+-----------------------+--------------+
|ap_clk                        |   in|    1|  ap_ctrl_hs|            convolution|  return value|
|ap_rst                        |   in|    1|  ap_ctrl_hs|            convolution|  return value|
|ap_start                      |   in|    1|  ap_ctrl_hs|            convolution|  return value|
|ap_done                       |  out|    1|  ap_ctrl_hs|            convolution|  return value|
|ap_idle                       |  out|    1|  ap_ctrl_hs|            convolution|  return value|
|ap_ready                      |  out|    1|  ap_ctrl_hs|            convolution|  return value|
|pad_img_address0              |  out|   11|   ap_memory|                pad_img|         array|
|pad_img_ce0                   |  out|    1|   ap_memory|                pad_img|         array|
|pad_img_q0                    |   in|   32|   ap_memory|                pad_img|         array|
|pad_img_address1              |  out|   11|   ap_memory|                pad_img|         array|
|pad_img_ce1                   |  out|    1|   ap_memory|                pad_img|         array|
|pad_img_q1                    |   in|   32|   ap_memory|                pad_img|         array|
|filter                        |   in|    2|     ap_none|                 filter|        scalar|
|conv_to_pool_stream_V_din     |  out|   32|     ap_fifo|  conv_to_pool_stream_V|       pointer|
|conv_to_pool_stream_V_full_n  |   in|    1|     ap_fifo|  conv_to_pool_stream_V|       pointer|
|conv_to_pool_stream_V_write   |  out|    1|     ap_fifo|  conv_to_pool_stream_V|       pointer|
+------------------------------+-----+-----+------------+-----------------------+--------------+

