

================================================================
== Synthesis Summary Report of 'cnn_stream_accel'
================================================================
+ General Information: 
    * Date:           Sun Jan 17 13:42:06 2021
    * Version:        2020.2 (Build 3064766 on Wed Nov 18 09:12:45 MST 2020)
    * Project:        cnn_hls_pynq
    * Solution:       solution1 (Vivado IP Flow Target)
    * Product family: zynq
    * Target device:  xc7z020-clg400-1
    

+ Performance & Resource Estimates: 
    
    PS: '+' for module; 'o' for loop; '*' for dataflow
    +------------------------------------------------+--------+-------+---------+-----------+----------+---------+------+----------+-----------+----------+-------------+-------------+-----+
    |                     Modules                    |  Issue |       | Latency |  Latency  | Iteration|         | Trip |          |           |          |             |             |     |
    |                     & Loops                    |  Type  | Slack | (cycles)|    (ns)   |  Latency | Interval| Count| Pipelined|   BRAM    |    DSP   |      FF     |     LUT     | URAM|
    +------------------------------------------------+--------+-------+---------+-----------+----------+---------+------+----------+-----------+----------+-------------+-------------+-----+
    |+ cnn_stream_accel                              |  Timing|   0.78|    47267|  4.727e+05|         -|    47268|     -|        no|  122 (43%)|  65 (29%)|  34853 (32%)|  31974 (60%)|    -|
    | + grp_dataflow_section_fu_458                  |  Timing|   0.78|    43346|  4.335e+05|         -|    43346|     -|        no|  104 (37%)|  65 (29%)|  34344 (32%)|  30918 (58%)|    -|
    |  + grp_convolution_fu_394                      |  Timing|   0.78|    19841|  1.984e+05|         -|    19841|     -|        no|          -|   10 (4%)|    7611 (7%)|   6155 (11%)|    -|
    |   o conv_for_rows_pool_for_rows_pool_for_cols  |      II|  -7.50|    19839|  1.984e+05|       265|       25|   784|       yes|          -|         -|            -|            -|    -|
    |  + grp_convolution_fu_405                      |  Timing|   0.78|    19841|  1.984e+05|         -|    19841|     -|        no|          -|   10 (4%)|    7611 (7%)|   6155 (11%)|    -|
    |   o conv_for_rows_pool_for_rows_pool_for_cols  |      II|  -7.50|    19839|  1.984e+05|       265|       25|   784|       yes|          -|         -|            -|            -|    -|
    |  + grp_convolution_fu_414                      |  Timing|   0.78|    19841|  1.984e+05|         -|    19841|     -|        no|          -|   10 (4%)|    7611 (7%)|   6155 (11%)|    -|
    |   o conv_for_rows_pool_for_rows_pool_for_cols  |      II|  -7.50|    19839|  1.984e+05|       265|       25|   784|       yes|          -|         -|            -|            -|    -|
    |  + grp_dense_fu_423                            |  Timing|   0.71|     1996|  1.996e+04|         -|     1996|     -|        no|    20 (7%)|    5 (2%)|    1336 (1%)|    1303 (2%)|    -|
    |   o Loop 1                                     |       -|  -7.50|       10|    100.000|         1|        1|    10|       yes|          -|         -|            -|            -|    -|
    |   o dense_for_flat                             |      II|  -7.50|     1970|  1.970e+04|        21|       10|   196|       yes|          -|         -|            -|            -|    -|
    |   o VITIS_LOOP_60_2                            |       -|  -7.50|       10|    100.000|         2|        1|    10|       yes|          -|         -|            -|            -|    -|
    |  + grp_dense_fu_451                            |  Timing|   0.71|     1996|  1.996e+04|         -|     1996|     -|        no|    20 (7%)|    5 (2%)|    1336 (1%)|    1303 (2%)|    -|
    |   o Loop 1                                     |       -|  -7.50|       10|    100.000|         1|        1|    10|       yes|          -|         -|            -|            -|    -|
    |   o dense_for_flat                             |      II|  -7.50|     1970|  1.970e+04|        21|       10|   196|       yes|          -|         -|            -|            -|    -|
    |   o VITIS_LOOP_60_2                            |       -|  -7.50|       10|    100.000|         2|        1|    10|       yes|          -|         -|            -|            -|    -|
    |  + grp_dense_fu_479                            |  Timing|   0.71|     1996|  1.996e+04|         -|     1996|     -|        no|    20 (7%)|    5 (2%)|    1336 (1%)|    1303 (2%)|    -|
    |   o Loop 1                                     |       -|  -7.50|       10|    100.000|         1|        1|    10|       yes|          -|         -|            -|            -|    -|
    |   o dense_for_flat                             |      II|  -7.50|     1970|  1.970e+04|        21|       10|   196|       yes|          -|         -|            -|            -|    -|
    |   o VITIS_LOOP_60_2                            |       -|  -7.50|       10|    100.000|         2|        1|    10|       yes|          -|         -|            -|            -|    -|
    |  + grp_dense_fu_507                            |  Timing|   0.71|     1996|  1.996e+04|         -|     1996|     -|        no|    20 (7%)|    5 (2%)|    1336 (1%)|    1303 (2%)|    -|
    |   o Loop 1                                     |       -|  -7.50|       10|    100.000|         1|        1|    10|       yes|          -|         -|            -|            -|    -|
    |   o dense_for_flat                             |      II|  -7.50|     1970|  1.970e+04|        21|       10|   196|       yes|          -|         -|            -|            -|    -|
    |   o VITIS_LOOP_60_2                            |       -|  -7.50|       10|    100.000|         2|        1|    10|       yes|          -|         -|            -|            -|    -|
    |  + grp_max_pooling_fu_535                      |       -|  -0.39|      793|  7.930e+03|         -|      793|     -|        no|          -|         -|    415 (~0%)|     540 (1%)|    -|
    |   o pool_for_rows_pool_for_cols                |      II|  -7.50|      791|  7.910e+03|        12|        4|   196|       yes|          -|         -|            -|            -|    -|
    |  + grp_max_pooling_fu_541                      |       -|  -0.39|      793|  7.930e+03|         -|      793|     -|        no|          -|         -|    415 (~0%)|     540 (1%)|    -|
    |   o pool_for_rows_pool_for_cols                |      II|  -7.50|      791|  7.910e+03|        12|        4|   196|       yes|          -|         -|            -|            -|    -|
    |  + grp_max_pooling_fu_547                      |       -|  -0.39|      793|  7.930e+03|         -|      793|     -|        no|          -|         -|    415 (~0%)|     540 (1%)|    -|
    |   o pool_for_rows_pool_for_cols                |      II|  -7.50|      791|  7.910e+03|        12|        4|   196|       yes|          -|         -|            -|            -|    -|
    |  o flat_for_rows_flat_for_cols                 |       -|  -7.50|      196|  1.960e+03|         2|        1|   196|       yes|          -|         -|            -|            -|    -|
    |  o flat_for_rows_flat_for_cols                 |       -|  -7.50|      196|  1.960e+03|         2|        1|   196|       yes|          -|         -|            -|            -|    -|
    |  o flat_for_rows_flat_for_cols                 |       -|  -7.50|      196|  1.960e+03|         2|        1|   196|       yes|          -|         -|            -|            -|    -|
    |  o flat_for_rows_flat_for_cols                 |       -|  -7.50|      196|  1.960e+03|         2|        1|   196|       yes|          -|         -|            -|            -|    -|
    |  o dense_soft_max_for_dense_size               |       -|  -7.50|       46|    460.000|        38|        1|    10|       yes|          -|         -|            -|            -|    -|
    |  o dense_soft_max_for_digits                   |       -|  -7.50|       27|    270.000|        19|        1|    10|       yes|          -|         -|            -|            -|    -|
    | o VITIS_LOOP_27_1_VITIS_LOOP_28_2              |       -|  -7.50|      784|  7.840e+03|         2|        1|   784|       yes|          -|         -|            -|            -|    -|
    | o Loop 2                                       |       -|  -7.50|     1156|  1.156e+04|         1|        1|  1156|       yes|          -|         -|            -|            -|    -|
    | o pad_for_rows_pad_for_cols                    |       -|  -7.50|      802|  8.020e+03|        20|        1|   784|       yes|          -|         -|            -|            -|    -|
    | o clone_for_rows_clone_for_cols                |       -|  -7.50|     1157|  1.157e+04|         3|        1|  1156|       yes|          -|         -|            -|            -|    -|
    | o VITIS_LOOP_40_3                              |       -|  -7.50|       11|    110.000|         3|        1|    10|       yes|          -|         -|            -|            -|    -|
    +------------------------------------------------+--------+-------+---------+-----------+----------+---------+------+----------+-----------+----------+-------------+-------------+-----+

